// Jest Snapshot v1, https://goo.gl/fbAQLP

exports[`Button component tests snapshot tests should render correctly 1`] = `
<button
  className="ButtonContainer-photo-discovery__sc-17i16aw-0 gVDkDM"
  data-testid="Button"
  onClick={[Function]}
  type="button"
>
  text
</button>
`;
