// Jest Snapshot v1, https://goo.gl/fbAQLP

exports[`typography component tests snapshot tests should render correctly 1`] = `
<span
  className="TypographyContainer-photo-discovery__sc-1t3hmm1-0 ivZVrZ"
  data-testid="Typography"
>
  text
</span>
`;
