// Jest Snapshot v1, https://goo.gl/fbAQLP

exports[`Navbar component tests snapshot tests should render correctly 1`] = `
<div
  className="NavbarContainer-photo-discovery__sc-9em23l-0 lmUnAu"
  data-testid="Navbar"
>
  <h3
    className="TypographyContainer-photo-discovery__sc-1t3hmm1-0 gHcSmf Logo-photo-discovery__sc-9em23l-1 cSizAu"
    data-testid="Typography"
  >
    <span>
      <span
        className="larger"
      >
        P
      </span>
      hoto
    </span>
    <span>
      <span
        className="larger"
      >
        D
      </span>
      iscovery
    </span>
  </h3>
  <svg
    data-testid="Navbar_ThemeSwitcherIcon"
    fill="#f480ba"
    height="1.67rem"
    onClick={[Function]}
    stroke="currentColor"
    strokeWidth="0"
    style={
      Object {
        "color": undefined,
      }
    }
    viewBox="0 0 20 20"
    width="1.67rem"
    xmlns="http://www.w3.org/2000/svg"
  >
    <path
      clipRule="evenodd"
      d="M4 2a2 2 0 00-2 2v11a3 3 0 106 0V4a2 2 0 00-2-2H4zm1 14a1 1 0 100-2 1 1 0 000 2zm5-1.757l4.9-4.9a2 2 0 000-2.828L13.485 5.1a2 2 0 00-2.828 0L10 5.757v8.486zM16 18H9.071l6-6H16a2 2 0 012 2v2a2 2 0 01-2 2z"
      fillRule="evenodd"
    />
  </svg>
</div>
`;
